src/sections/ResidentialBattery2SpecsSheetSection.tsx(21,8): error TS17008: JSX element 'div' has no corresponding closing tag.
src/sections/UtilityBattery2SpecsSheetSection.tsx(22,8): error TS17008: JSX element 'div' has no corresponding closing tag.
